
> customer-web@0.1.0 build
> next build

▲ Next.js 16.2.10 (Turbopack)
- Environments: .env.local

  Creating an optimized production build ...
Turbopack build encountered 1 warnings:
[next]/internal/font/google/poppins_85c0d870.module.css
Error while requesting resource
There was an issue establishing a connection while requesting https://fonts.googleapis.com/css2?family=Poppins:wght@300;400;500;600;700;800;900&display=swap

Import trace:
  Server Component:
    [next]/internal/font/google/poppins_85c0d870.module.css
    [next]/internal/font/google/poppins_85c0d870.js
    ./src/app/layout.tsx



> Build error occurred
Error: Turbopack build failed with 1 errors:
[next]/internal/font/google/poppins_85c0d870.module.css
next/font: error:
Failed to fetch `Poppins` from Google Fonts.

Import trace:
  Server Component:
    [next]/internal/font/google/poppins_85c0d870.module.css
    [next]/internal/font/google/poppins_85c0d870.js
    ./src/app/layout.tsx


    at ignore-listed frames
